C51 COMPILER V8.06   MAIN                                                                  12/12/2017 23:00:33 PAGE 1   


C51 COMPILER V8.06, COMPILATION OF MODULE MAIN
OBJECT MODULE PLACED IN main.OBJ
COMPILER INVOKED BY: D:\Program Files\keil\C51\BIN\C51.EXE main.c BROWSE DEBUG OBJECTEXTEND

line level    source

   1          #include "head.h"
   2          
   3          uchar lowTemp=5;
   4          uchar highTemp=10;
   5          int historyTemp[]={6,6,6,6,6,6,6,6,6,6};
   6          
   7          //*
   8          void main()
   9          {
  10   1              uchar i,j;
  11   1              LED=0;
  12   1              DQ = 1;
  13   1              OUT = 0; 
  14   1              eepromInit();
  15   1              //CLK_DIV=CLK_DIV|0x07;
  16   1              while(1)
  17   1              {
  18   2                      i=i%10;
  19   2                      historyTemp[i]=readOneTemp();
  20   2      
  21   2                      ledShow(historyTemp[i]);
  22   2                      for(j=0;j<10;j++)
  23   2                              keyBoardTest();
  24   2                      outSet();
  25   2                         
  26   2                      i++;
  27   2                      
  28   2                      DelayNms(500); 
  29   2      
  30   2              }
  31   1      }
  32          //*/
  33          
  34          /*
  35          void main()
  36          {
  37                  uint i=10,j,k=10;
  38                  uchar dat=0x44;
  39                  while(1)
  40                  {
  41                                  DS18B20_Reset(  );
  42                  DS18B20_WriteByte(0xCC);
  43                  DS18B20_WriteByte(0x44);   //开始转换命令
  44              while (!DQ);                    //等待转换完成
  45              DS18B20_Reset();                //设备复位
  46              DS18B20_WriteByte(0xCC);        //跳过ROM命令
  47              DS18B20_WriteByte(0xBE);
  48                  dat=DS18B20_ReadByte();
  49                  dat>>=4;
  50                  ledShow(dat);
  51                  DelayNms(500);
  52                  //ledShow(1);
  53                  //DelayNms(500);
  54                  }
  55          }
C51 COMPILER V8.06   MAIN                                                                  12/12/2017 23:00:33 PAGE 2   

  56          //*/


MODULE INFORMATION:   STATIC OVERLAYABLE
   CODE SIZE        =     77    ----
   CONSTANT SIZE    =   ----    ----
   XDATA SIZE       =   ----    ----
   PDATA SIZE       =   ----    ----
   DATA SIZE        =     22       2
   IDATA SIZE       =   ----    ----
   BIT SIZE         =   ----    ----
END OF MODULE INFORMATION.


C51 COMPILATION COMPLETE.  0 WARNING(S),  0 ERROR(S)
